
> rest-express@1.0.0 dev
> cross-env NODE_ENV=development tsx --env-file-if-exists=.env packages/server/index.ts

WebSocket server initialized
12:59:10 PM [express] serving on port 5000
[scheduler] backups scheduled: "0 3 * * *"
[scheduler] data refresh scheduled: "0 22 * * 1-5"
[scheduler] incubation ghost runs scheduled: "0 2 * * *"
12:59:19 PM [express] GET /api/system/status 200 in 13ms :: {"liveTradingEnabled":false,"backtestEngi…
Database connection established (node-postgres)
1:01:57 PM [express] POST /api/lean/projects 201 in 17ms :: {"id":"ba846742-529c-4c08-914a-753eacb97…
1:01:59 PM [express] POST /api/lean/projects/B4Benchmark/backtest 200 in 12ms :: {"backtestId":"044f…
1:02:01 PM [express] POST /api/lean/projects 201 in 4ms :: {"id":"1e22b983-49d0-4af3-9402-0f7bb2cd1a…
1:02:03 PM [express] POST /api/lean/projects/B4Cash/backtest 200 in 5ms :: {"backtestId":"c4bda19c-b…
1:03:52 PM [express] GET /api/lean/projects/B4Benchmark/results 200 in 80ms :: [{"id":"044f077a-2d31…
1:03:54 PM [express] GET /api/lean/projects/B4Cash/results 200 in 74ms :: [{"id":"c4bda19c-ba64-4d10…
1:04:12 PM [express] GET /api/lean/projects/B4Benchmark/results 200 in 77ms :: [{"id":"044f077a-2d31…
1:04:14 PM [express] GET /api/lean/projects/B4Cash/results 200 in 60ms :: [{"id":"c4bda19c-ba64-4d10…
1:08:13 PM [express] POST /api/lean/projects 201 in 9ms :: {"id":"fd7cfb1c-d7d0-49d2-bb80-941c7cb7a8…
1:08:15 PM [express] POST /api/lean/projects/B4RiskParity/backtest 200 in 7ms :: {"backtestId":"686a…
1:08:17 PM [express] POST /api/lean/projects 201 in 3ms :: {"id":"6fbb9cb0-f869-4dbf-abde-419a99c9d8…
1:08:19 PM [express] POST /api/lean/projects/B4DualMom/backtest 200 in 6ms :: {"backtestId":"9bd5767…
1:08:21 PM [express] POST /api/lean/projects 201 in 5ms :: {"id":"e5bd4d4f-26f6-4d83-9307-ac8a0683c1…
1:08:23 PM [express] POST /api/lean/projects/B4PairSpread/backtest 200 in 6ms :: {"backtestId":"7413…
1:08:25 PM [express] POST /api/lean/projects 201 in 3ms :: {"id":"6b9862ac-fabf-4cd2-9d17-d929625bb9…
1:08:27 PM [express] POST /api/lean/projects/B4CryptoWknd/backtest 200 in 5ms :: {"backtestId":"386e…
1:08:33 PM [express] GET /api/lean/projects/B4RiskParity/results 200 in 158ms :: [{"id":"686a892b-d5…
1:08:33 PM [express] GET /api/lean/projects/B4DualMom/results 200 in 4ms :: [{"id":"9bd5767d-9ad8-4b…
1:08:54 PM [express] GET /api/lean/projects/B4RiskParity/results 200 in 161ms :: [{"id":"686a892b-d5…
1:08:54 PM [express] GET /api/lean/projects/B4DualMom/results 200 in 68ms :: [{"id":"9bd5767d-9ad8-4…
1:08:55 PM [express] GET /api/lean/projects/B4PairSpread/results 200 in 104ms :: [{"id":"7413b05d-c4…
1:08:55 PM [express] GET /api/lean/projects/B4CryptoWknd/results 200 in 79ms :: [{"id":"386e27be-b20…
1:09:11 PM [express] GET /api/lean/projects/B4RiskParity/results 200 in 139ms :: [{"id":"686a892b-d5…
1:09:13 PM [express] GET /api/lean/projects/B4DualMom/results 200 in 87ms :: [{"id":"9bd5767d-9ad8-4…
1:09:15 PM [express] GET /api/lean/projects/B4PairSpread/results 200 in 93ms :: [{"id":"7413b05d-c43…
1:09:17 PM [express] GET /api/lean/projects/B4CryptoWknd/results 200 in 76ms :: [{"id":"386e27be-b20…
1:10:38 PM [express] GET /api/trials/count 200 in 10ms :: {"total":30,"byType":{"generation":0,"refi…
